Archive member included because of file (symbol)

/usr/local/CrossPack-AVR/bin/../lib/gcc/avr/4.3.2/avr25/libgcc.a(_exit.o)
                              /usr/local/CrossPack-AVR/bin/../lib/gcc/avr/4.3.2/../../../../avr/lib/avr25/crttn2313.o (exit)
/usr/local/CrossPack-AVR/bin/../lib/gcc/avr/4.3.2/avr25/libgcc.a(_copy_data.o)
                              Halo_Slave.o (__do_copy_data)
/usr/local/CrossPack-AVR/bin/../lib/gcc/avr/4.3.2/avr25/libgcc.a(_clear_bss.o)
                              Halo_Slave.o (__do_clear_bss)

Allocating common symbols
Common symbol       size              file

timer_1k            0x2               Halo_Slave.o

Memory Configuration

Name             Origin             Length             Attributes
text             0x00000000         0x00002000         xr
data             0x00800060         0x0000ffa0         rw !x
eeprom           0x00810000         0x00010000         rw !x
fuse             0x00820000         0x00000400         rw !x
lock             0x00830000         0x00000400         rw !x
signature        0x00840000         0x00000400         rw !x
*default*        0x00000000         0xffffffff

Linker script and memory map

LOAD /usr/local/CrossPack-AVR/bin/../lib/gcc/avr/4.3.2/../../../../avr/lib/avr25/crttn2313.o
LOAD Halo_Slave.o
LOAD USI_TWI_Slave.o
LOAD /usr/local/CrossPack-AVR/bin/../lib/gcc/avr/4.3.2/../../../../avr/lib/avr25/libm.a
LOAD /usr/local/CrossPack-AVR/bin/../lib/gcc/avr/4.3.2/avr25/libgcc.a
LOAD /usr/local/CrossPack-AVR/bin/../lib/gcc/avr/4.3.2/../../../../avr/lib/avr25/libc.a
LOAD /usr/local/CrossPack-AVR/bin/../lib/gcc/avr/4.3.2/avr25/libgcc.a

.hash
 *(.hash)

.dynsym
 *(.dynsym)

.dynstr
 *(.dynstr)

.gnu.version
 *(.gnu.version)

.gnu.version_d
 *(.gnu.version_d)

.gnu.version_r
 *(.gnu.version_r)

.rel.init
 *(.rel.init)

.rela.init
 *(.rela.init)

.rel.text
 *(.rel.text)
 *(.rel.text.*)
 *(.rel.gnu.linkonce.t*)

.rela.text
 *(.rela.text)
 *(.rela.text.*)
 *(.rela.gnu.linkonce.t*)

.rel.fini
 *(.rel.fini)

.rela.fini
 *(.rela.fini)

.rel.rodata
 *(.rel.rodata)
 *(.rel.rodata.*)
 *(.rel.gnu.linkonce.r*)

.rela.rodata
 *(.rela.rodata)
 *(.rela.rodata.*)
 *(.rela.gnu.linkonce.r*)

.rel.data
 *(.rel.data)
 *(.rel.data.*)
 *(.rel.gnu.linkonce.d*)

.rela.data
 *(.rela.data)
 *(.rela.data.*)
 *(.rela.gnu.linkonce.d*)

.rel.ctors
 *(.rel.ctors)

.rela.ctors
 *(.rela.ctors)

.rel.dtors
 *(.rel.dtors)

.rela.dtors
 *(.rela.dtors)

.rel.got
 *(.rel.got)

.rela.got
 *(.rela.got)

.rel.bss
 *(.rel.bss)

.rela.bss
 *(.rela.bss)

.rel.plt
 *(.rel.plt)

.rela.plt
 *(.rela.plt)

.text           0x00000000      0x436
 *(.vectors)
 .vectors       0x00000000       0x26 /usr/local/CrossPack-AVR/bin/../lib/gcc/avr/4.3.2/../../../../avr/lib/avr25/crttn2313.o
                0x00000000                __vectors
                0x00000000                __vector_default
 *(.vectors)
 *(.progmem.gcc*)
 *(.progmem*)
                0x00000026                . = ALIGN (0x2)
                0x00000026                __trampolines_start = .
 *(.trampolines)
 .trampolines   0x00000026        0x0 linker stubs
 *(.trampolines*)
                0x00000026                __trampolines_end = .
 *(.jumptables)
 *(.jumptables*)
 *(.lowtext)
 *(.lowtext*)
                0x00000026                __ctors_start = .
 *(.ctors)
                0x00000026                __ctors_end = .
                0x00000026                __dtors_start = .
 *(.dtors)
                0x00000026                __dtors_end = .
 SORT(*)(.ctors)
 SORT(*)(.dtors)
 *(.init0)
 .init0         0x00000026        0x0 /usr/local/CrossPack-AVR/bin/../lib/gcc/avr/4.3.2/../../../../avr/lib/avr25/crttn2313.o
                0x00000026                __init
 *(.init0)
 *(.init1)
 *(.init1)
 *(.init2)
 .init2         0x00000026        0x8 /usr/local/CrossPack-AVR/bin/../lib/gcc/avr/4.3.2/../../../../avr/lib/avr25/crttn2313.o
 *(.init2)
 *(.init3)
 *(.init3)
 *(.init4)
 .init4         0x0000002e       0x16 /usr/local/CrossPack-AVR/bin/../lib/gcc/avr/4.3.2/avr25/libgcc.a(_copy_data.o)
                0x0000002e                __do_copy_data
 .init4         0x00000044       0x10 /usr/local/CrossPack-AVR/bin/../lib/gcc/avr/4.3.2/avr25/libgcc.a(_clear_bss.o)
                0x00000044                __do_clear_bss
 *(.init4)
 *(.init5)
 *(.init5)
 *(.init6)
 *(.init6)
 *(.init7)
 *(.init7)
 *(.init8)
 *(.init8)
 *(.init9)
 .init9         0x00000054        0x4 /usr/local/CrossPack-AVR/bin/../lib/gcc/avr/4.3.2/../../../../avr/lib/avr25/crttn2313.o
 *(.init9)
 *(.text)
 .text          0x00000058        0x2 /usr/local/CrossPack-AVR/bin/../lib/gcc/avr/4.3.2/../../../../avr/lib/avr25/crttn2313.o
                0x00000058                __vector_1
                0x00000058                __vector_12
                0x00000058                __bad_interrupt
                0x00000058                __vector_3
                0x00000058                __vector_11
                0x00000058                __vector_13
                0x00000058                __vector_17
                0x00000058                __vector_7
                0x00000058                __vector_5
                0x00000058                __vector_4
                0x00000058                __vector_9
                0x00000058                __vector_2
                0x00000058                __vector_8
                0x00000058                __vector_14
                0x00000058                __vector_10
                0x00000058                __vector_18
 .text          0x0000005a      0x23e Halo_Slave.o
                0x0000008c                LED_ChangeColor
                0x0000005a                __vector_6
                0x000000ec                ioinit
                0x0000014e                main
                0x00000132                delay_ms
                0x000000cc                checksum
 .text          0x00000298      0x19a USI_TWI_Slave.o
                0x00000298                Flush_TWI_Buffers
                0x000002d0                USI_TWI_Transmit_Byte
                0x000002f2                USI_TWI_Receive_Byte
                0x000002aa                USI_TWI_Slave_Initialise
                0x00000326                __vector_15
                0x00000350                __vector_16
                0x00000314                USI_TWI_Data_In_Receive_Buffer
 .text          0x00000432        0x0 /usr/local/CrossPack-AVR/bin/../lib/gcc/avr/4.3.2/avr25/libgcc.a(_exit.o)
 .text          0x00000432        0x0 /usr/local/CrossPack-AVR/bin/../lib/gcc/avr/4.3.2/avr25/libgcc.a(_copy_data.o)
 .text          0x00000432        0x0 /usr/local/CrossPack-AVR/bin/../lib/gcc/avr/4.3.2/avr25/libgcc.a(_clear_bss.o)
                0x00000432                . = ALIGN (0x2)
 *(.text.*)
 .text.libgcc   0x00000432        0x0 /usr/local/CrossPack-AVR/bin/../lib/gcc/avr/4.3.2/avr25/libgcc.a(_exit.o)
 .text.libgcc   0x00000432        0x0 /usr/local/CrossPack-AVR/bin/../lib/gcc/avr/4.3.2/avr25/libgcc.a(_copy_data.o)
 .text.libgcc   0x00000432        0x0 /usr/local/CrossPack-AVR/bin/../lib/gcc/avr/4.3.2/avr25/libgcc.a(_clear_bss.o)
                0x00000432                . = ALIGN (0x2)
 *(.fini9)
 .fini9         0x00000432        0x0 /usr/local/CrossPack-AVR/bin/../lib/gcc/avr/4.3.2/avr25/libgcc.a(_exit.o)
                0x00000432                exit
                0x00000432                _exit
 *(.fini9)
 *(.fini8)
 *(.fini8)
 *(.fini7)
 *(.fini7)
 *(.fini6)
 *(.fini6)
 *(.fini5)
 *(.fini5)
 *(.fini4)
 *(.fini4)
 *(.fini3)
 *(.fini3)
 *(.fini2)
 *(.fini2)
 *(.fini1)
 *(.fini1)
 *(.fini0)
 .fini0         0x00000432        0x4 /usr/local/CrossPack-AVR/bin/../lib/gcc/avr/4.3.2/avr25/libgcc.a(_exit.o)
 *(.fini0)
                0x00000436                _etext = .

.data           0x00800060       0x36 load address 0x00000436
                0x00800060                PROVIDE (__data_start, .)
 *(.data)
 .data          0x00800060        0x0 /usr/local/CrossPack-AVR/bin/../lib/gcc/avr/4.3.2/../../../../avr/lib/avr25/crttn2313.o
 .data          0x00800060       0x36 Halo_Slave.o
                0x00800060                rainbow
 .data          0x00800096        0x0 USI_TWI_Slave.o
 .data          0x00800096        0x0 /usr/local/CrossPack-AVR/bin/../lib/gcc/avr/4.3.2/avr25/libgcc.a(_exit.o)
 .data          0x00800096        0x0 /usr/local/CrossPack-AVR/bin/../lib/gcc/avr/4.3.2/avr25/libgcc.a(_copy_data.o)
 .data          0x00800096        0x0 /usr/local/CrossPack-AVR/bin/../lib/gcc/avr/4.3.2/avr25/libgcc.a(_clear_bss.o)
 *(.data*)
 *(.rodata)
 *(.rodata*)
 *(.gnu.linkonce.d*)
                0x00800096                . = ALIGN (0x2)
                0x00800096                _edata = .
                0x00800096                PROVIDE (__data_end, .)

.bss            0x00800096       0x2a
                0x00800096                PROVIDE (__bss_start, .)
 *(.bss)
 .bss           0x00800096        0x0 /usr/local/CrossPack-AVR/bin/../lib/gcc/avr/4.3.2/../../../../avr/lib/avr25/crttn2313.o
 .bss           0x00800096        0x2 Halo_Slave.o
                0x00800096                color
 .bss           0x00800098       0x26 USI_TWI_Slave.o
 .bss           0x008000be        0x0 /usr/local/CrossPack-AVR/bin/../lib/gcc/avr/4.3.2/avr25/libgcc.a(_exit.o)
 .bss           0x008000be        0x0 /usr/local/CrossPack-AVR/bin/../lib/gcc/avr/4.3.2/avr25/libgcc.a(_copy_data.o)
 .bss           0x008000be        0x0 /usr/local/CrossPack-AVR/bin/../lib/gcc/avr/4.3.2/avr25/libgcc.a(_clear_bss.o)
 *(.bss*)
 *(COMMON)
 COMMON         0x008000be        0x2 Halo_Slave.o
                0x008000be                timer_1k
                0x008000c0                PROVIDE (__bss_end, .)
                0x00000436                __data_load_start = LOADADDR (.data)
                0x0000046c                __data_load_end = (__data_load_start + SIZEOF (.data))

.noinit         0x008000c0        0x0
                0x008000c0                PROVIDE (__noinit_start, .)
 *(.noinit*)
                0x008000c0                PROVIDE (__noinit_end, .)
                0x008000c0                _end = .
                0x008000c0                PROVIDE (__heap_start, .)

.eeprom         0x00810000        0x0
 *(.eeprom*)
                0x00810000                __eeprom_end = .

.fuse
 *(.fuse)
 *(.lfuse)
 *(.hfuse)
 *(.efuse)

.lock
 *(.lock*)

.signature
 *(.signature*)

.stab
 *(.stab)

.stabstr
 *(.stabstr)

.stab.excl
 *(.stab.excl)

.stab.exclstr
 *(.stab.exclstr)

.stab.index
 *(.stab.index)

.stab.indexstr
 *(.stab.indexstr)

.comment
 *(.comment)

.debug
 *(.debug)

.line
 *(.line)

.debug_srcinfo
 *(.debug_srcinfo)

.debug_sfnames
 *(.debug_sfnames)

.debug_aranges  0x00000000       0x40
 *(.debug_aranges)
 .debug_aranges
                0x00000000       0x20 Halo_Slave.o
 .debug_aranges
                0x00000020       0x20 USI_TWI_Slave.o

.debug_pubnames
                0x00000000      0x141
 *(.debug_pubnames)
 .debug_pubnames
                0x00000000       0x86 Halo_Slave.o
 .debug_pubnames
                0x00000086       0xbb USI_TWI_Slave.o

.debug_info     0x00000000      0x5bf
 *(.debug_info)
 .debug_info    0x00000000      0x377 Halo_Slave.o
 .debug_info    0x00000377      0x248 USI_TWI_Slave.o
 *(.gnu.linkonce.wi.*)

.debug_abbrev   0x00000000      0x2a7
 *(.debug_abbrev)
 .debug_abbrev  0x00000000      0x1d1 Halo_Slave.o
 .debug_abbrev  0x000001d1       0xd6 USI_TWI_Slave.o

.debug_line     0x00000000      0x5ff
 *(.debug_line)
 .debug_line    0x00000000      0x399 Halo_Slave.o
 .debug_line    0x00000399      0x266 USI_TWI_Slave.o

.debug_frame    0x00000000       0xf0
 *(.debug_frame)
 .debug_frame   0x00000000       0x70 Halo_Slave.o
 .debug_frame   0x00000070       0x80 USI_TWI_Slave.o

.debug_str      0x00000000      0x2cc
 *(.debug_str)
 .debug_str     0x00000000      0x158 Halo_Slave.o
                                0x19c (size before relaxing)
 .debug_str     0x00000158      0x174 USI_TWI_Slave.o
                                0x1f8 (size before relaxing)

.debug_loc      0x00000000      0x229
 *(.debug_loc)
 .debug_loc     0x00000000      0x163 Halo_Slave.o
 .debug_loc     0x00000163       0xc6 USI_TWI_Slave.o

.debug_macinfo
 *(.debug_macinfo)
OUTPUT(Halo_Slave.elf elf32-avr)
LOAD linker stubs

Cross Reference Table

Symbol                                            File
Flush_TWI_Buffers                                 USI_TWI_Slave.o
LED_ChangeColor                                   Halo_Slave.o
USI_TWI_Data_In_Receive_Buffer                    USI_TWI_Slave.o
                                                  Halo_Slave.o
USI_TWI_Receive_Byte                              USI_TWI_Slave.o
                                                  Halo_Slave.o
USI_TWI_Slave_Initialise                          USI_TWI_Slave.o
                                                  Halo_Slave.o
USI_TWI_Transmit_Byte                             USI_TWI_Slave.o
                                                  Halo_Slave.o
__bad_interrupt                                   /usr/local/CrossPack-AVR/bin/../lib/gcc/avr/4.3.2/../../../../avr/lib/avr25/crttn2313.o
__bss_end                                         /usr/local/CrossPack-AVR/bin/../lib/gcc/avr/4.3.2/avr25/libgcc.a(_clear_bss.o)
__bss_start                                       /usr/local/CrossPack-AVR/bin/../lib/gcc/avr/4.3.2/avr25/libgcc.a(_clear_bss.o)
__data_end                                        /usr/local/CrossPack-AVR/bin/../lib/gcc/avr/4.3.2/avr25/libgcc.a(_copy_data.o)
__data_load_start                                 /usr/local/CrossPack-AVR/bin/../lib/gcc/avr/4.3.2/avr25/libgcc.a(_copy_data.o)
__data_start                                      /usr/local/CrossPack-AVR/bin/../lib/gcc/avr/4.3.2/avr25/libgcc.a(_copy_data.o)
__do_clear_bss                                    /usr/local/CrossPack-AVR/bin/../lib/gcc/avr/4.3.2/avr25/libgcc.a(_clear_bss.o)
                                                  USI_TWI_Slave.o
                                                  Halo_Slave.o
__do_copy_data                                    /usr/local/CrossPack-AVR/bin/../lib/gcc/avr/4.3.2/avr25/libgcc.a(_copy_data.o)
                                                  Halo_Slave.o
__heap_end                                        /usr/local/CrossPack-AVR/bin/../lib/gcc/avr/4.3.2/../../../../avr/lib/avr25/crttn2313.o
__init                                            /usr/local/CrossPack-AVR/bin/../lib/gcc/avr/4.3.2/../../../../avr/lib/avr25/crttn2313.o
__stack                                           /usr/local/CrossPack-AVR/bin/../lib/gcc/avr/4.3.2/../../../../avr/lib/avr25/crttn2313.o
__vector_1                                        /usr/local/CrossPack-AVR/bin/../lib/gcc/avr/4.3.2/../../../../avr/lib/avr25/crttn2313.o
__vector_10                                       /usr/local/CrossPack-AVR/bin/../lib/gcc/avr/4.3.2/../../../../avr/lib/avr25/crttn2313.o
__vector_11                                       /usr/local/CrossPack-AVR/bin/../lib/gcc/avr/4.3.2/../../../../avr/lib/avr25/crttn2313.o
__vector_12                                       /usr/local/CrossPack-AVR/bin/../lib/gcc/avr/4.3.2/../../../../avr/lib/avr25/crttn2313.o
__vector_13                                       /usr/local/CrossPack-AVR/bin/../lib/gcc/avr/4.3.2/../../../../avr/lib/avr25/crttn2313.o
__vector_14                                       /usr/local/CrossPack-AVR/bin/../lib/gcc/avr/4.3.2/../../../../avr/lib/avr25/crttn2313.o
__vector_15                                       USI_TWI_Slave.o
                                                  /usr/local/CrossPack-AVR/bin/../lib/gcc/avr/4.3.2/../../../../avr/lib/avr25/crttn2313.o
__vector_16                                       USI_TWI_Slave.o
                                                  /usr/local/CrossPack-AVR/bin/../lib/gcc/avr/4.3.2/../../../../avr/lib/avr25/crttn2313.o
__vector_17                                       /usr/local/CrossPack-AVR/bin/../lib/gcc/avr/4.3.2/../../../../avr/lib/avr25/crttn2313.o
__vector_18                                       /usr/local/CrossPack-AVR/bin/../lib/gcc/avr/4.3.2/../../../../avr/lib/avr25/crttn2313.o
__vector_2                                        /usr/local/CrossPack-AVR/bin/../lib/gcc/avr/4.3.2/../../../../avr/lib/avr25/crttn2313.o
__vector_3                                        /usr/local/CrossPack-AVR/bin/../lib/gcc/avr/4.3.2/../../../../avr/lib/avr25/crttn2313.o
__vector_4                                        /usr/local/CrossPack-AVR/bin/../lib/gcc/avr/4.3.2/../../../../avr/lib/avr25/crttn2313.o
__vector_5                                        /usr/local/CrossPack-AVR/bin/../lib/gcc/avr/4.3.2/../../../../avr/lib/avr25/crttn2313.o
__vector_6                                        Halo_Slave.o
                                                  /usr/local/CrossPack-AVR/bin/../lib/gcc/avr/4.3.2/../../../../avr/lib/avr25/crttn2313.o
__vector_7                                        /usr/local/CrossPack-AVR/bin/../lib/gcc/avr/4.3.2/../../../../avr/lib/avr25/crttn2313.o
__vector_8                                        /usr/local/CrossPack-AVR/bin/../lib/gcc/avr/4.3.2/../../../../avr/lib/avr25/crttn2313.o
__vector_9                                        /usr/local/CrossPack-AVR/bin/../lib/gcc/avr/4.3.2/../../../../avr/lib/avr25/crttn2313.o
__vector_default                                  /usr/local/CrossPack-AVR/bin/../lib/gcc/avr/4.3.2/../../../../avr/lib/avr25/crttn2313.o
__vectors                                         /usr/local/CrossPack-AVR/bin/../lib/gcc/avr/4.3.2/../../../../avr/lib/avr25/crttn2313.o
_exit                                             /usr/local/CrossPack-AVR/bin/../lib/gcc/avr/4.3.2/avr25/libgcc.a(_exit.o)
checksum                                          Halo_Slave.o
color                                             Halo_Slave.o
delay_ms                                          Halo_Slave.o
exit                                              /usr/local/CrossPack-AVR/bin/../lib/gcc/avr/4.3.2/avr25/libgcc.a(_exit.o)
                                                  /usr/local/CrossPack-AVR/bin/../lib/gcc/avr/4.3.2/../../../../avr/lib/avr25/crttn2313.o
ioinit                                            Halo_Slave.o
main                                              Halo_Slave.o
                                                  /usr/local/CrossPack-AVR/bin/../lib/gcc/avr/4.3.2/../../../../avr/lib/avr25/crttn2313.o
rainbow                                           Halo_Slave.o
timer_1k                                          Halo_Slave.o
